09:19:31 **** Incremental Build of configuration Debug for project FreeRTOS_Projects ****
make -j12 all 
arm-none-eabi-gcc "../Core/Src/stm32l4xx_it.c" -mcpu=cortex-m4 -std=gnu11 -g3 -DDEBUG -DUSE_HAL_DRIVER -DSTM32L476xx -c -I../Core/Inc -I"C:/Users/ernes/Workspace/RTOS_Workspace/FreeRTOS_Projects/ThirdParty/FreeRTOS" -I"C:/Users/ernes/Workspace/RTOS_Workspace/FreeRTOS_Projects/ThirdParty/FreeRTOS/include" -I"C:/Users/ernes/Workspace/RTOS_Workspace/FreeRTOS_Projects/ThirdParty/FreeRTOS/portable/GCC/ARM_CM4F" -I../Drivers/STM32L4xx_HAL_Driver/Inc -I../Drivers/STM32L4xx_HAL_Driver/Inc/Legacy -I../Drivers/CMSIS/Device/ST/STM32L4xx/Include -I../Drivers/CMSIS/Include -O0 -ffunction-sections -fdata-sections -Wall -fstack-usage -fcyclomatic-complexity -MMD -MP -MF"Core/Src/stm32l4xx_it.d" -MT"Core/Src/stm32l4xx_it.o" --specs=nano.specs -mfpu=fpv4-sp-d16 -mfloat-abi=hard -mthumb -o "Core/Src/stm32l4xx_it.o"
arm-none-eabi-gcc -o "FreeRTOS_Projects.elf" @"objects.list"   -mcpu=cortex-m4 -T"C:\Users\ernes\Workspace\RTOS_Workspace\FreeRTOS_Projects\STM32L476RGTX_FLASH.ld" --specs=nosys.specs -Wl,-Map="FreeRTOS_Projects.map" -Wl,--gc-sections -static --specs=nano.specs -mfpu=fpv4-sp-d16 -mfloat-abi=hard -mthumb -Wl,--start-group -lc -lm -Wl,--end-group
Finished building target: FreeRTOS_Projects.elf
 
arm-none-eabi-size  FreeRTOS_Projects.elf 
arm-none-eabi-objdump -h -S FreeRTOS_Projects.elf  > "FreeRTOS_Projects.list"
   text	   data	    bss	    dec	    hex	filename
   6456	     12	   1724	   8192	   2000	FreeRTOS_Projects.elf
Finished building: default.size.stdout
 
Finished building: FreeRTOS_Projects.list
 
